0000 0000	0000 0000 0000 0000 0000 0000 0000 1000	1111	0000 0001 0000 0001 0000 0001 0000 0001	0001 0000 0001 0000 0001 0000 0001 0000
0000 0001	0000 0000 0000 0000 0000 0000 0010 0001	1111	1111 1111 1111 1111 1111 1111 1111 1111	0000 0000 0000 0000 0000 0000 0000 0010
0000 0010	0000 0000 0000 0000 0000 0000 0001 0000	1111	1000 1000 1000 1000 1000 1000 1000 1000	0001 0001 0001 0001 0001 0001 0001 0001
0000 0011	0000 0000 0000 0000 0000 0000 0010 1010	1111	1010 1011 1100 1101 1101 1101 1101 1101	1111 1111 1111 0010 0011 0100 0101 0110
